{
  "definitions": {},
  "$schema": "http://json-schema.org/draft-07/schema#",
  "$id": "https://example.com/object1719768657.json",
  "title": "Root",
  "type": "object",
  "required": [
    "todoId",
    "description",
    "status",
    "version"
  ],
  "properties": {
    "todoId": {
      "$id": "#root/todoId",
      "title": "Todoid",
      "type": "string",
      "default": "",
      "examples": [
        "00000000-0000-0000-0000-000000000000"
      ],
      "pattern": "^.*$"
    },
    "description": {
      "$id": "#root/description",
      "title": "Description",
      "type": "string",
      "default": "",
      "examples": [
        "lorem ipsum dolor sit amet"
      ],
      "pattern": "^.*$"
    },
    "status": {
      "$id": "#root/status",
      "title": "Status",
      "type": "string",
      "default": "",
      "examples": [
        "IN_PROGRESS"
      ],
      "pattern": "^(IN_PROGRESS|COMPLETED)$"
    },
    "version": {
      "$id": "#root/version",
      "title": "Version",
      "type": "integer",
      "examples": [
        0
      ],
      "default": 0
    }
  }
}
